[dotenv@17.2.3] injecting env (4) from .env -- tip: ΓÜÖ∩╕Å  specify custom .env file path with { path: '/custom/path/.env' }
Testing connection with URL (masked): postgresql://postgres:****@db.htffbqhsstuilbivarho.supabase.co:5432/postgres

--- Parsing Analysis ---
User: postgres
Password (raw from split): Subha@7657
Password (decoded): Subha@7657
Resolving DNS for db.htffbqhsstuilbivarho.supabase.co...
node : DNS Resolution failed: queryA 
ENODATA 
db.htffbqhsstuilbivarho.supabase.co
At line:1 char:1
+ node test-db-connection.js > 
test-log.txt 2>&1
+ ~~~~~~~~~~~~~~~~~~~~~~~~~~~~~~~~~~~~~
~~~~~~~~~
    + CategoryInfo          : NotSpeci 
   fied: (DNS Resolution ...rho.supab  
  ase.co:String) [], RemoteException
    + FullyQualifiedErrorId : NativeCo 
   mmandError
 

--- Testing Standard Pool (Connection String) ---
Config host: from string
Successfully connected!
Query result: { now: 2025-12-07T18:07:34.972Z }
